Finished in 0.013 seconds (files took 0.31721 seconds to load)
5 examples, 1 failure

Failed examples:

rspec ./spec/calculator_spec.rb:36 # Calculator subtraction subtracting zero sho
uld return the first integer


C:\Users\jason\Documents\COLUMBUS_STATE\CSCC_AGILE\calculator-rspec>rspec
....F

Failures:

  1) Calculator subtraction subtracting zero should return the first integer
     Failure/Error: expect(answer).to be_a first Integer
     NoMethodError:
       undefined method `first' for #<RSpec::ExampleGroups::Calculator::Subtract
ion:0x25be010>
     # ./spec/calculator_spec.rb:39:in `block (3 levels) in <top (required)>'

Finished in 0.01203 seconds (files took 0.29021 seconds to load)
5 examples, 1 failure

Failed examples:

rspec ./spec/calculator_spec.rb:36 # Calculator subtraction subtracting zero sho
uld return the first integer


C:\Users\jason\Documents\COLUMBUS_STATE\CSCC_AGILE\calculator-rspec>rspec
....F

Failures:

  1) Calculator subtraction subtracting zero should return the first integer
     Failure/Error: expect(answer).to be_a first Integer
     NoMethodError:
       undefined method `first' for #<RSpec::ExampleGroups::Calculator::Subtract
ion:0x25fe648>
     # ./spec/calculator_spec.rb:39:in `block (3 levels) in <top (required)>'

Finished in 0.0111 seconds (files took 0.31721 seconds to load)
5 examples, 1 failure

Failed examples:

rspec ./spec/calculator_spec.rb:36 # Calculator subtraction subtracting zero sho
uld return the first integer


C:\Users\jason\Documents\COLUMBUS_STATE\CSCC_AGILE\calculator-rspec>rspec
....F

Failures:

  1) Calculator subtraction subtracting zero should return the first integer
     Failure/Error: expect(answer).to be_a 1
     TypeError:
       class or module required
     # ./spec/calculator_spec.rb:39:in `block (3 levels) in <top (required)>'

Finished in 0.01301 seconds (files took 0.3032 seconds to load)
5 examples, 1 failure

Failed examples:

rspec ./spec/calculator_spec.rb:36 # Calculator subtraction subtracting zero sho
uld return the first integer


C:\Users\jason\Documents\COLUMBUS_STATE\CSCC_AGILE\calculator-rspec>rspec
.....

Finished in 0.02102 seconds (files took 0.28856 seconds to load)
5 examples, 0 failures


C:\Users\jason\Documents\COLUMBUS_STATE\CSCC_AGILE\calculator-rspec>rspec
......

Finished in 0.01202 seconds (files took 0.28973 seconds to load)
6 examples, 0 failures


C:\Users\jason\Documents\COLUMBUS_STATE\CSCC_AGILE\calculator-rspec>rspec
.......

Finished in 0.01259 seconds (files took 0.28933 seconds to load)
7 examples, 0 failures


C:\Users\jason\Documents\COLUMBUS_STATE\CSCC_AGILE\calculator-rspec>rspec
.......F

Failures:

  1) Calculator multiplication should return an integer
     Failure/Error: answer = calc.multiply(2, 3)
     NoMethodError:
       undefined method `multiply' for #<Calculator:0x254ed40>
     # ./spec/calculator_spec.rb:59:in `block (3 levels) in <top (required)>'

Finished in 0.01499 seconds (files took 0.29599 seconds to load)
8 examples, 1 failure

Failed examples:

rspec ./spec/calculator_spec.rb:57 # Calculator multiplication should return an
integer


C:\Users\jason\Documents\COLUMBUS_STATE\CSCC_AGILE\calculator-rspec>rspec
........

Finished in 0.01389 seconds (files took 0.2882 seconds to load)
8 examples, 0 failures


C:\Users\jason\Documents\COLUMBUS_STATE\CSCC_AGILE\calculator-rspec>rspec
.........

Finished in 0.0146 seconds (files took 0.29123 seconds to load)
9 examples, 0 failures


C:\Users\jason\Documents\COLUMBUS_STATE\CSCC_AGILE\calculator-rspec>rspec
..........

Finished in 0.01501 seconds (files took 0.28619 seconds to load)
10 examples, 0 failures


C:\Users\jason\Documents\COLUMBUS_STATE\CSCC_AGILE\calculator-rspec>rspec
...........

Finished in 0.01463 seconds (files took 0.29019 seconds to load)
11 examples, 0 failures


C:\Users\jason\Documents\COLUMBUS_STATE\CSCC_AGILE\calculator-rspec>rspec
............

Finished in 0.01793 seconds (files took 0.29321 seconds to load)
12 examples, 0 failures


C:\Users\jason\Documents\COLUMBUS_STATE\CSCC_AGILE\calculator-rspec>rspec
............F

Failures:

  1) Calculator division should return an integer
     Failure/Error: answer = calc.divide(4, 2)
     NoMethodError:
       undefined method `divide' for #<Calculator:0x24311a0>
     # ./spec/calculator_spec.rb:94:in `block (3 levels) in <top (required)>'

Finished in 0.01614 seconds (files took 0.29121 seconds to load)
13 examples, 1 failure

Failed examples:

rspec ./spec/calculator_spec.rb:92 # Calculator division should return an intege
r


C:\Users\jason\Documents\COLUMBUS_STATE\CSCC_AGILE\calculator-rspec>rspec
............F

Failures:

  1) Calculator division should return an integer
     Failure/Error: expect(answer).to eq 2

       expected: 2
            got: 8

       (compared using ==)
     # ./spec/calculator_spec.rb:95:in `block (3 levels) in <top (required)>'

Finished in 0.04806 seconds (files took 0.2882 seconds to load)
13 examples, 1 failure

Failed examples:

rspec ./spec/calculator_spec.rb:92 # Calculator division should return an intege
r


C:\Users\jason\Documents\COLUMBUS_STATE\CSCC_AGILE\calculator-rspec>rspec
.............

Finished in 0.01605 seconds (files took 0.35425 seconds to load)
13 examples, 0 failures


C:\Users\jason\Documents\COLUMBUS_STATE\CSCC_AGILE\calculator-rspec>rspec
..............

Finished in 0.01601 seconds (files took 0.33524 seconds to load)
14 examples, 0 failures


C:\Users\jason\Documents\COLUMBUS_STATE\CSCC_AGILE\calculator-rspec>rspec
...............

Finished in 0.01671 seconds (files took 0.2852 seconds to load)
15 examples, 0 failures


C:\Users\jason\Documents\COLUMBUS_STATE\CSCC_AGILE\calculator-rspec>rspec
................

Finished in 0.01699 seconds (files took 0.34076 seconds to load)
16 examples, 0 failures


C:\Users\jason\Documents\COLUMBUS_STATE\CSCC_AGILE\calculator-rspec>rspec
................F

Failures:

  1) Calculator division dividing an integer by zero should raise an error
     Failure/Error: answer = calc.divide(8, 0)
     ZeroDivisionError:
       divided by 0
     # ./lib/calculator.rb:16:in `/'
     # ./lib/calculator.rb:16:in `each'
     # ./lib/calculator.rb:16:in `inject'
     # ./lib/calculator.rb:16:in `divide'
     # ./spec/calculator_spec.rb:119:in `block (3 levels) in <top (required)>'

Finished in 0.01502 seconds (files took 0.30222 seconds to load)
17 examples, 1 failure

Failed examples:

rspec ./spec/calculator_spec.rb:117 # Calculator division dividing an integer by
 zero should raise an error


C:\Users\jason\Documents\COLUMBUS_STATE\CSCC_AGILE\calculator-rspec>rspec
................F

Failures:

  1) Calculator division dividing an integer by zero should raise an error
     Failure/Error: answer = calc.divide(8, 0)
     ZeroDivisionError:
       divided by 0
     # ./lib/calculator.rb:16:in `/'
     # ./lib/calculator.rb:16:in `each'
     # ./lib/calculator.rb:16:in `inject'
     # ./lib/calculator.rb:16:in `divide'
     # ./spec/calculator_spec.rb:119:in `block (3 levels) in <top (required)>'

Finished in 0.01701 seconds (files took 0.29523 seconds to load)
17 examples, 1 failure

Failed examples:

rspec ./spec/calculator_spec.rb:117 # Calculator division dividing an integer by
 zero should raise an error


C:\Users\jason\Documents\COLUMBUS_STATE\CSCC_AGILE\calculator-rspec>rspec
C:/RailsInstaller/Ruby2.1.0/lib/ruby/2.1.0/rubygems/core_ext/kernel_require.rb:5
5:in `require': C:/Users/jason/Documents/COLUMBUS_STATE/CSCC_AGILE/calculator-rs
pec/lib/calculator.rb:17: syntax error, unexpected keyword_rescue (SyntaxError)
                        rescue ZeroDivisionError
                              ^
C:/Users/jason/Documents/COLUMBUS_STATE/CSCC_AGILE/calculator-rspec/lib/calculat
or.rb:21: syntax error, unexpected end-of-input, expecting keyword_end
        from C:/RailsInstaller/Ruby2.1.0/lib/ruby/2.1.0/rubygems/core_ext/kernel
_require.rb:55:in `require'
        from C:/Users/jason/Documents/COLUMBUS_STATE/CSCC_AGILE/calculator-rspec
/spec/calculator_spec.rb:2:in `<top (required)>'
        from C:/RailsInstaller/Ruby2.1.0/lib/ruby/gems/2.1.0/gems/rspec-core-3.3
.2/lib/rspec/core/configuration.rb:1327:in `load'
        from C:/RailsInstaller/Ruby2.1.0/lib/ruby/gems/2.1.0/gems/rspec-core-3.3
.2/lib/rspec/core/configuration.rb:1327:in `block in load_spec_files'
        from C:/RailsInstaller/Ruby2.1.0/lib/ruby/gems/2.1.0/gems/rspec-core-3.3
.2/lib/rspec/core/configuration.rb:1325:in `each'
        from C:/RailsInstaller/Ruby2.1.0/lib/ruby/gems/2.1.0/gems/rspec-core-3.3
.2/lib/rspec/core/configuration.rb:1325:in `load_spec_files'
        from C:/RailsInstaller/Ruby2.1.0/lib/ruby/gems/2.1.0/gems/rspec-core-3.3
.2/lib/rspec/core/runner.rb:102:in `setup'
        from C:/RailsInstaller/Ruby2.1.0/lib/ruby/gems/2.1.0/gems/rspec-core-3.3
.2/lib/rspec/core/runner.rb:88:in `run'
        from C:/RailsInstaller/Ruby2.1.0/lib/ruby/gems/2.1.0/gems/rspec-core-3.3
.2/lib/rspec/core/runner.rb:73:in `run'
        from C:/RailsInstaller/Ruby2.1.0/lib/ruby/gems/2.1.0/gems/rspec-core-3.3
.2/lib/rspec/core/runner.rb:41:in `invoke'
        from C:/RailsInstaller/Ruby2.1.0/lib/ruby/gems/2.1.0/gems/rspec-core-3.3
.2/exe/rspec:4:in `<top (required)>'
        from C:/RailsInstaller/Ruby2.1.0/bin/rspec:23:in `load'
        from C:/RailsInstaller/Ruby2.1.0/bin/rspec:23:in `<main>'

C:\Users\jason\Documents\COLUMBUS_STATE\CSCC_AGILE\calculator-rspec>