
Changes not staged for commit:
  (use "git add <file>..." to update what will be committed)
  (use "git checkout -- <file>..." to discard changes in working directory)

        modified:   some_text_file.txt

Untracked files:
  (use "git add <file>..." to include in what will be committed)

        classwork.txt

no changes added to commit (use "git add" and/or "git commit -a")

jason@CHIDIEMEH184 ~/Documents/COLUMBUS_STATE/CSCC_AGILE/practice (master)
$ git add some_text_file.txt

jason@CHIDIEMEH184 ~/Documents/COLUMBUS_STATE/CSCC_AGILE/practice (master)
$ git add classwork.txt

jason@CHIDIEMEH184 ~/Documents/COLUMBUS_STATE/CSCC_AGILE/practice (master)
$ git status
On branch master
Your branch is up-to-date with 'origin/master'.

Changes to be committed:
  (use "git reset HEAD <file>..." to unstage)

        new file:   classwork.txt
        modified:   some_text_file.txt


jason@CHIDIEMEH184 ~/Documents/COLUMBUS_STATE/CSCC_AGILE/practice (master)
$ git commit -m "This is a practice commit"
[master f22001a] This is a practice commit
 2 files changed, 1 insertion(+)
 create mode 100644 classwork.txt

jason@CHIDIEMEH184 ~/Documents/COLUMBUS_STATE/CSCC_AGILE/practice (master)
$ git push
warning: push.default is unset; its implicit value is changing in
Git 2.0 from 'matching' to 'simple'. To squelch this message
and maintain the current behavior after the default changes, use:

  git config --global push.default matching

To squelch this message and adopt the new behavior now, use:

  git config --global push.default simple

When push.default is set to 'matching', git will push local branches
to the remote branches that already exist with the same name.

In Git 2.0, Git will default to the more conservative 'simple'
behavior, which only pushes the current branch to the corresponding
remote branch that 'git pull' uses to update the current branch.

See 'git help config' and search for 'push.default' for further information.
(the 'simple' mode was introduced in Git 1.7.11. Use the similar mode
'current' instead of 'simple' if you sometimes use older versions of Git)

Username for 'https://github.com': chidiemeh184
Password for 'https://chidiemeh184@github.com':
Counting objects: 6, done.
Delta compression using up to 4 threads.
Compressing objects: 100% (3/3), done.
Writing objects: 100% (4/4), 355 bytes | 0 bytes/s, done.
Total 4 (delta 0), reused 0 (delta 0)
To https://github.com/Chidiemeh184/practice.git
   6d59005..f22001a  master -> master

jason@CHIDIEMEH184 ~/Documents/COLUMBUS_STATE/CSCC_AGILE/practice (master)
$ ls
classwork.txt  some_text_file.txt

jason@CHIDIEMEH184 ~/Documents/COLUMBUS_STATE/CSCC_AGILE/practice (master)
$ dir
sh.exe": dir: command not found

jason@CHIDIEMEH184 ~/Documents/COLUMBUS_STATE/CSCC_AGILE/practice (master)
$ cd..
sh.exe": cd..: command not found

jason@CHIDIEMEH184 ~/Documents/COLUMBUS_STATE/CSCC_AGILE/practice (master)
$ cd..
sh.exe": cd..: command not found

jason@CHIDIEMEH184 ~/Documents/COLUMBUS_STATE/CSCC_AGILE/practice (master)
$ cd/
sh.exe": cd/: No such file or directory

jason@CHIDIEMEH184 ~/Documents/COLUMBUS_STATE/CSCC_AGILE/practice (master)
$ cd..
sh.exe": cd..: command not found

jason@CHIDIEMEH184 ~/Documents/COLUMBUS_STATE/CSCC_AGILE/practice (master)
$ cd ..

jason@CHIDIEMEH184 ~/Documents/COLUMBUS_STATE/CSCC_AGILE
$ git clone https://github.com/Chidiemeh184/calculator-rspec.git
Cloning into 'calculator-rspec'...
remote: Counting objects: 40, done.
remote: Compressing objects: 100% (8/8), done.
remote: Total 40 (delta 2), reused 0 (delta 0), pack-reused 32
Unpacking objects: 100% (40/40), done.
Checking connectivity... done.

jason@CHIDIEMEH184 ~/Documents/COLUMBUS_STATE/CSCC_AGILE
$ dir
sh.exe": dir: command not found

jason@CHIDIEMEH184 ~/Documents/COLUMBUS_STATE/CSCC_AGILE
$ ls
CSCI-2994-15AU Syllabus v1.doc  Week1             railsinstaller-3.1.0.exe
Gemfile                         calculator-rspec
Gemfile.lock                    practice

jason@CHIDIEMEH184 ~/Documents/COLUMBUS_STATE/CSCC_AGILE
$ cd calculator-rspec

jason@CHIDIEMEH184 ~/Documents/COLUMBUS_STATE/CSCC_AGILE/calculator-rspec (maste
r)
$ git status
On branch master
Your branch is up-to-date with 'origin/master'.

Untracked files:
  (use "git add <file>..." to include in what will be committed)

        lib/
        spec/

nothing added to commit but untracked files present (use "git add" to track)

jason@CHIDIEMEH184 ~/Documents/COLUMBUS_STATE/CSCC_AGILE/calculator-rspec (maste
r)
$ git add .

jason@CHIDIEMEH184 ~/Documents/COLUMBUS_STATE/CSCC_AGILE/calculator-rspec (maste
r)
$ git status
On branch master
Your branch is up-to-date with 'origin/master'.

Changes to be committed:
  (use "git reset HEAD <file>..." to unstage)

        new file:   lib/calculator.rb
        new file:   lib/calculator.rb.txt
        new file:   spec/calculator_spec.rb
        new file:   spec/calculator_spec.rb.txt


jason@CHIDIEMEH184 ~/Documents/COLUMBUS_STATE/CSCC_AGILE/calculator-rspec (maste
r)
$ git commit -m "make sure addition returns a number"
[master 93f9f86] make sure addition returns a number
 4 files changed, 21 insertions(+)
 create mode 100644 lib/calculator.rb
 create mode 100644 lib/calculator.rb.txt
 create mode 100644 spec/calculator_spec.rb
 create mode 100644 spec/calculator_spec.rb.txt

jason@CHIDIEMEH184 ~/Documents/COLUMBUS_STATE/CSCC_AGILE/calculator-rspec (maste
r)
$ git status
On branch master
Your branch is ahead of 'origin/master' by 1 commit.
  (use "git push" to publish your local commits)

nothing to commit, working directory clean

jason@CHIDIEMEH184 ~/Documents/COLUMBUS_STATE/CSCC_AGILE/calculator-rspec (maste
r)
$ git push
warning: push.default is unset; its implicit value is changing in
Git 2.0 from 'matching' to 'simple'. To squelch this message
and maintain the current behavior after the default changes, use:

  git config --global push.default matching

To squelch this message and adopt the new behavior now, use:

  git config --global push.default simple

When push.default is set to 'matching', git will push local branches
to the remote branches that already exist with the same name.

In Git 2.0, Git will default to the more conservative 'simple'
behavior, which only pushes the current branch to the corresponding
remote branch that 'git pull' uses to update the current branch.

See 'git help config' and search for 'push.default' for further information.
(the 'simple' mode was introduced in Git 1.7.11. Use the similar mode
'current' instead of 'simple' if you sometimes use older versions of Git)

Username for 'https://github.com': chidiemeh184
Password for 'https://chidiemeh184@github.com':
Counting objects: 8, done.
Delta compression using up to 4 threads.
Compressing objects: 100% (6/6), done.
Writing objects: 100% (7/7), 685 bytes | 0 bytes/s, done.
Total 7 (delta 1), reused 0 (delta 0)
To https://github.com/Chidiemeh184/calculator-rspec.git
   3b272cf..93f9f86  master -> master

jason@CHIDIEMEH184 ~/Documents/COLUMBUS_STATE/CSCC_AGILE/calculator-rspec (maste
r)
$ git status
On branch master
Your branch is up-to-date with 'origin/master'.

Changes not staged for commit:
  (use "git add <file>..." to update what will be committed)
  (use "git checkout -- <file>..." to discard changes in working directory)

        modified:   lib/calculator.rb

no changes added to commit (use "git add" and/or "git commit -a")

jason@CHIDIEMEH184 ~/Documents/COLUMBUS_STATE/CSCC_AGILE/calculator-rspec (maste
r)
$ git commit -m "add multiple number behavior"
On branch master
Your branch is up-to-date with 'origin/master'.

Changes not staged for commit:
        modified:   lib/calculator.rb

no changes added to commit

jason@CHIDIEMEH184 ~/Documents/COLUMBUS_STATE/CSCC_AGILE/calculator-rspec (maste
r)
$ git status
On branch master
Your branch is up-to-date with 'origin/master'.

Changes not staged for commit:
  (use "git add <file>..." to update what will be committed)
  (use "git checkout -- <file>..." to discard changes in working directory)

        modified:   lib/calculator.rb

no changes added to commit (use "git add" and/or "git commit -a")

jason@CHIDIEMEH184 ~/Documents/COLUMBUS_STATE/CSCC_AGILE/calculator-rspec (maste
r)
$ git add .

jason@CHIDIEMEH184 ~/Documents/COLUMBUS_STATE/CSCC_AGILE/calculator-rspec (maste
r)
$ git commit -m "adding multiple number behavior"
[master 09d277b] adding multiple number behavior
 1 file changed, 2 insertions(+), 2 deletions(-)

jason@CHIDIEMEH184 ~/Documents/COLUMBUS_STATE/CSCC_AGILE/calculator-rspec (maste
r)
$ git push
warning: push.default is unset; its implicit value is changing in
Git 2.0 from 'matching' to 'simple'. To squelch this message
and maintain the current behavior after the default changes, use:

  git config --global push.default matching

To squelch this message and adopt the new behavior now, use:

  git config --global push.default simple

When push.default is set to 'matching', git will push local branches
to the remote branches that already exist with the same name.

In Git 2.0, Git will default to the more conservative 'simple'
behavior, which only pushes the current branch to the corresponding
remote branch that 'git pull' uses to update the current branch.

See 'git help config' and search for 'push.default' for further information.
(the 'simple' mode was introduced in Git 1.7.11. Use the similar mode
'current' instead of 'simple' if you sometimes use older versions of Git)

Username for 'https://github.com': chidiemeh184
Password for 'https://chidiemeh184@github.com':
Counting objects: 7, done.
Delta compression using up to 4 threads.
Compressing objects: 100% (4/4), done.
Writing objects: 100% (4/4), 409 bytes | 0 bytes/s, done.
Total 4 (delta 1), reused 0 (delta 0)
To https://github.com/Chidiemeh184/calculator-rspec.git
   93f9f86..09d277b  master -> master

jason@CHIDIEMEH184 ~/Documents/COLUMBUS_STATE/CSCC_AGILE/calculator-rspec (maste
r)
$

jason@CHIDIEMEH184 ~/Documents/COLUMBUS_STATE/CSCC_AGILE/calculator-rspec (maste
r)
$

jason@CHIDIEMEH184 ~/Documents/COLUMBUS_STATE/CSCC_AGILE/calculator-rspec (maste
r)
$